[docs.Deephex.ai/index.html]
[docs.Deephex.ai/assets/logo.png]
[backblue.gif]
[fade.gif]
[index.html]
[docs.Deephex.ai/why_Deephex/index.html]
[docs.Deephex.ai/assets/stylesheets/main.2afb09e1.min.css]
[docs.Deephex.ai/assets/stylesheets/palette.06af60db.min.css]
[docs.Deephex.ai/assets/_mkdocstrings.css]
[docs.Deephex.ai/stylesheets/extra.css]
[docs.Deephex.ai/.html]
[docs.Deephex.ai/index.html]
[docs.Deephex.ai/assets/javascripts/bundle.c8b220af.min.js]
[docs.Deephex.ai/why_Deephex/index.html]
[docs.Deephex.ai/assets/logo.png]
[docs.Deephex.ai/assets/stylesheets/main.2afb09e1.min.css]
[docs.Deephex.ai/design/index.html]
[docs.Deephex.ai/guides/installation/index.html]
[docs.Deephex.ai/assets/stylesheets/palette.06af60db.min.css]
[docs.Deephex.ai/cli/index.html]
[docs.Deephex.ai/examples/index.html]
[docs.Deephex.ai/assets/_mkdocstrings.css]
[docs.Deephex.ai/contributing/contributing/index.html]
[docs.Deephex.ai/communicator_extensions/index.html]
[docs.Deephex.ai/stylesheets/extra.css]
[docs.Deephex.ai/api_reference/index.html]
[docs.Deephex.ai/guides/getting_started/index.html]
[docs.Deephex.ai/.html]
[docs.Deephex.ai/guides/configuration/index.html]
[docs.Deephex.ai/guides/llm_integration/index.html]
[docs.Deephex.ai/guides/installation/index.html]
[docs.Deephex.ai/guides/communication/index.html]
[docs.Deephex.ai/guides/mcp_developer_guide/index.html]
[docs.Deephex.ai/design/index.html]
[docs.Deephex.ai/guides/patterns/index.html]
[docs.Deephex.ai/guides/mcp_integration/index.html]
[docs.Deephex.ai/examples/index.html]
[docs.Deephex.ai/guides/reasoning_integration/index.html]
[docs.Deephex.ai/communicator_extensions/index.html]
[docs.Deephex.ai/architecture/index.html]
[docs.Deephex.ai/use_cases/chesspal_ai/index.html]
[docs.Deephex.ai/guides/testing-utilities/index.html]
[docs.Deephex.ai/cli/index.html]
[docs.Deephex.ai/guides/deployment/index.html]
[docs.Deephex.ai/project_structure/index.html]
[docs.Deephex.ai/contributing/contributing/index.html]
[docs.Deephex.ai/cli/init/index.html]
[docs.Deephex.ai/api_reference/index.html]
[docs.Deephex.ai/cli/validate/index.html]
[docs.Deephex.ai/cli/run/index.html]
[docs.Deephex.ai/cli/list/index.html]
[docs.Deephex.ai/guides/getting_started/index.html]
[docs.Deephex.ai/guides/configuration/index.html]
[docs.Deephex.ai/cli/generate-dockerfile/index.html]
[docs.Deephex.ai/cli/deps/index.html]
[docs.Deephex.ai/guides/communication/index.html]
[docs.Deephex.ai/cli/generate-compose/index.html]
[docs.Deephex.ai/guides/llm_integration/index.html]
[docs.Deephex.ai/contributing/testing_strategy/index.html]
[docs.Deephex.ai/guides/mcp_integration/index.html]
[docs.Deephex.ai/guides/mcp_developer_guide/index.html]
[docs.Deephex.ai/guides/reasoning_integration/index.html]
[docs.Deephex.ai/guides/patterns/index.html]
[docs.Deephex.ai/guides/testing-utilities/index.html]
[docs.Deephex.ai/guides/deployment/index.html]
[docs.Deephex.ai/contributing/docstring_policy/index.html]
[docs.Deephex.ai/contributing/development_workflow/index.html]
[docs.Deephex.ai/images/Deephex-architecture-diagram.png]
[docs.Deephex.ai/architecture/index.html]
[docs.Deephex.ai/project_structure/index.html]
[docs.Deephex.ai/use_cases/chesspal_ai/index.html]
[docs.Deephex.ai/cli/init/index.html]
[docs.Deephex.ai/cli/validate/index.html]
[docs.Deephex.ai/cli/list/index.html]
[docs.Deephex.ai/cli/run/index.html]
[docs.Deephex.ai/cli/deps/index.html]
[docs.Deephex.ai/cli/generate-dockerfile/index.html]
[docs.Deephex.ai/cli/generate-compose/index.html]
[docs.Deephex.ai/contributing/testing_strategy/index.html]
[docs.Deephex.ai/contributing/development_workflow/index.html]
[docs.Deephex.ai/contributing/docstring_policy/index.html]
